C:\Users\aj\.conda\envs\minerva\Lib\site-packages\joblib\externals\loky\backend\context.py:131: UserWarning: Could not find the number of physical cores for the following reason:
[WinError 2] The system cannot find the file specified
Returning the number of logical cores instead. You can silence this warning by setting LOKY_MAX_CPU_COUNT to the number of cores you want to use.
  warnings.warn(
  File "C:\Users\aj\.conda\envs\minerva\Lib\site-packages\joblib\externals\loky\backend\context.py", line 247, in _count_physical_cores
    cpu_count_physical = _count_physical_cores_win32()
  File "C:\Users\aj\.conda\envs\minerva\Lib\site-packages\joblib\externals\loky\backend\context.py", line 299, in _count_physical_cores_win32
    cpu_info = subprocess.run(
        "wmic CPU Get NumberOfCores /Format:csv".split(),
        capture_output=True,
        text=True,
    )
  File "C:\Users\aj\.conda\envs\minerva\Lib\subprocess.py", line 554, in run
    with Popen(*popenargs, **kwargs) as process:
         ~~~~~^^^^^^^^^^^^^^^^^^^^^^
  File "C:\Users\aj\.conda\envs\minerva\Lib\subprocess.py", line 1039, in __init__
    self._execute_child(args, executable, preexec_fn, close_fds,
    ~~~~~~~~~~~~~~~~~~~^^^^^^^^^^^^^^^^^^^^^^^^^^^^^^^^^^^^^^^^^
                        pass_fds, cwd, env,
                        ^^^^^^^^^^^^^^^^^^^
    ...<5 lines>...
                        gid, gids, uid, umask,
                        ^^^^^^^^^^^^^^^^^^^^^^
                        start_new_session, process_group)
                        ^^^^^^^^^^^^^^^^^^^^^^^^^^^^^^^^^
  File "C:\Users\aj\.conda\envs\minerva\Lib\subprocess.py", line 1554, in _execute_child
    hp, ht, pid, tid = _winapi.CreateProcess(executable, args,
                       ~~~~~~~~~~~~~~~~~~~~~^^^^^^^^^^^^^^^^^^
                             # no special security
                             ^^^^^^^^^^^^^^^^^^^^^
    ...<4 lines>...
                             cwd,
                             ^^^^
                             startupinfo)
                             ^^^^^^^^^^^^

ERROR conda.cli.main_run:execute(124): `conda run python run.py` failed. (See above for error)
